---
source: src/markdown/parser.rs
expression: md.ok().unwrap().1

---
{
  "type": "root",
  "children": [
    {
      "type": "code",
      "lang": null,
      "meta": null,
      "value": "",
      "position": null
    }
  ],
  "position": null
}
