---
source: src/markdown/parser.rs
expression: md.ok().unwrap().1

---
{
  "type": "root",
  "children": [
    {
      "type": "code",
      "lang": "shell",
      "meta": "some metadata",
      "value": "ls",
      "position": null
    }
  ],
  "position": null
}
